
===========================================================================
report_checks -unconstrained
===========================================================================
======================= Typical Corner ===================================

Startpoint: control[2] (input port clocked by clk)
Endpoint: _239_ (rising edge-triggered flip-flop clocked by clk)
Path Group: clk
Path Type: max

Fanout     Cap    Slew   Delay    Time   Description
-----------------------------------------------------------------------------
                  0.15    0.00    0.00   clock clk (rise edge)
                          0.00    0.00   clock network delay (ideal)
                          2.00    2.00 v input external delay
     1    0.00    0.01    0.00    2.00 v control[2] (in)
                                         control[2] (net)
                  0.01    0.00    2.00 v input11/A (sky130_fd_sc_hd__clkbuf_4)
     9    0.04    0.08    0.18    2.18 v input11/X (sky130_fd_sc_hd__clkbuf_4)
                                         net11 (net)
                  0.08    0.00    2.18 v _136_/A (sky130_fd_sc_hd__inv_4)
     2    0.01    0.03    0.06    2.24 ^ _136_/Y (sky130_fd_sc_hd__inv_4)
                                         _053_ (net)
                  0.03    0.00    2.25 ^ _139_/B (sky130_fd_sc_hd__nand2_1)
     3    0.01    0.10    0.10    2.34 v _139_/Y (sky130_fd_sc_hd__nand2_1)
                                         _056_ (net)
                  0.10    0.00    2.34 v _143_/B (sky130_fd_sc_hd__nor2_1)
     4    0.02    0.30    0.28    2.62 ^ _143_/Y (sky130_fd_sc_hd__nor2_1)
                                         _060_ (net)
                  0.30    0.00    2.62 ^ _144_/A (sky130_fd_sc_hd__inv_2)
     3    0.01    0.07    0.09    2.71 v _144_/Y (sky130_fd_sc_hd__inv_2)
                                         _061_ (net)
                  0.07    0.00    2.71 v _145_/B (sky130_fd_sc_hd__or2_1)
     1    0.00    0.05    0.22    2.93 v _145_/X (sky130_fd_sc_hd__or2_1)
                                         _062_ (net)
                  0.05    0.00    2.93 v _146_/C (sky130_fd_sc_hd__nand3_1)
     2    0.01    0.08    0.10    3.03 ^ _146_/Y (sky130_fd_sc_hd__nand3_1)
                                         _113_ (net)
                  0.08    0.00    3.03 ^ _223_/A (sky130_fd_sc_hd__nor2_1)
     1    0.00    0.04    0.06    3.09 v _223_/Y (sky130_fd_sc_hd__nor2_1)
                                         _025_ (net)
                  0.04    0.00    3.09 v _224_/A (sky130_fd_sc_hd__nand2_1)
     1    0.00    0.06    0.06    3.15 ^ _224_/Y (sky130_fd_sc_hd__nand2_1)
                                         _026_ (net)
                  0.06    0.00    3.15 ^ _225_/A (sky130_fd_sc_hd__nor2_1)
     1    0.00    0.04    0.05    3.20 v _225_/Y (sky130_fd_sc_hd__nor2_1)
                                         _000_ (net)
                  0.04    0.00    3.20 v _239_/D (sky130_fd_sc_hd__dfxtp_1)
                                  3.20   data arrival time

                  0.15   10.00   10.00   clock clk (rise edge)
                          0.00   10.00   clock network delay (ideal)
                         -0.25    9.75   clock uncertainty
                          0.00    9.75   clock reconvergence pessimism
                                  9.75 ^ _239_/CLK (sky130_fd_sc_hd__dfxtp_1)
                         -0.08    9.67   library setup time
                                  9.67   data required time
-----------------------------------------------------------------------------
                                  9.67   data required time
                                 -3.20   data arrival time
-----------------------------------------------------------------------------
                                  6.46   slack (MET)




===========================================================================
report_checks --slack_max -0.01
============================================================================
======================= Typical Corner ===================================

No paths found.


===========================================================================
 report_check_types -max_slew -max_cap -max_fanout -violators
============================================================================
======================= Typical Corner ===================================


max slew violations count Typical: 0
max fanout violations count Typical: 0
max cap violations count Typical: 0

===========================================================================
report_parasitic_annotation -report_unannotated
============================================================================
Found 0 unannotated drivers.
Found 7 partially unannotated drivers.
 control[2]
 _193_/Y
 _237_/Q
 clkbuf_0_clk/X
 input2/X
 input6/X
 input9/X

===========================================================================
max slew violation count 0
max fanout violation count 0
max cap violation count 0
============================================================================

===========================================================================
check_setup -verbose -unconstrained_endpoints -multiple_clock -no_clock -no_input_delay -loops -generated_clocks
===========================================================================
